// Vitest Snapshot v1, https://vitest.dev/guide/snapshot.html

exports[`tone association preserves the existing frontend tracks > dectalk-english: Did Bob buy a blue balloon? 1`] = `"44e0e8831a84ba2758f70da7da24c5445bf5a55670e66f6a04e04ec683db9799"`;

exports[`tone association preserves the existing frontend tracks > dectalk-english: Gag, gang; go! 1`] = `"920b59e7612908f5d213d89fb43f803ccbad174eb6994008e1a5a3805b13d436"`;

exports[`tone association preserves the existing frontend tracks > dectalk-english: The cat sat. 1`] = `"37a7be88ed150f5d02a63e445b61fbe11b181799a9f268c7e05e624248174805"`;

exports[`tone association preserves the existing frontend tracks > dectalk-english: sip sip. 1`] = `"fac13210258417848f231118afa2a65fe9a17ada4dc692e0695de4f1bf1113bd"`;

exports[`tone association preserves the existing frontend tracks > qlatt-beauty: Did Bob buy a blue balloon? 1`] = `"fa372cafc243a9668feca25dc3cb2c909affba7a64171f242c42a3fcf5df3974"`;

exports[`tone association preserves the existing frontend tracks > qlatt-beauty: Gag, gang; go! 1`] = `"70e454d5731c8559cd2b2bcf46cd5dc2eee903ca7b299ce14bf4200aeda18b60"`;

exports[`tone association preserves the existing frontend tracks > qlatt-beauty: The cat sat. 1`] = `"277dbe71b843327bf3bb62118919fe773f32aa6d7b3a325b896d24029a465136"`;

exports[`tone association preserves the existing frontend tracks > qlatt-beauty: sip sip. 1`] = `"16fb0caa44fee87593de102e339f6bd4f5f1078e97f067a7331794a7b99d92df"`;

exports[`tone association preserves the existing frontend tracks > qlatt-english: Did Bob buy a blue balloon? 1`] = `"e23d604efe2ca4cf7b1dbf898544570600727b990aa2b1372bebf0458bd8ca24"`;

exports[`tone association preserves the existing frontend tracks > qlatt-english: Gag, gang; go! 1`] = `"1d7b911222f0e18962d7613da75655ce6c43b8e8649ba1e42b27e64fc2d37ea7"`;

exports[`tone association preserves the existing frontend tracks > qlatt-english: The cat sat. 1`] = `"a2aa9e3c287d418d6613839f1e504c23c4c3b8e0ff390f8e93b326c36d04c1bd"`;

exports[`tone association preserves the existing frontend tracks > qlatt-english: sip sip. 1`] = `"2c8c4404c5ad21ff2979d703b19f242faf3db5e52aa5928947f0fc61c6f1ea3a"`;
