// Vitest Snapshot v1, https://vitest.dev/guide/snapshot.html

exports[`tone association preserves the existing frontend tracks > dectalk-english: Did Bob buy a blue balloon? 1`] = `"44e0e8831a84ba2758f70da7da24c5445bf5a55670e66f6a04e04ec683db9799"`;

exports[`tone association preserves the existing frontend tracks > dectalk-english: Gag, gang; go! 1`] = `"920b59e7612908f5d213d89fb43f803ccbad174eb6994008e1a5a3805b13d436"`;

exports[`tone association preserves the existing frontend tracks > dectalk-english: The cat sat. 1`] = `"37a7be88ed150f5d02a63e445b61fbe11b181799a9f268c7e05e624248174805"`;

exports[`tone association preserves the existing frontend tracks > dectalk-english: sip sip. 1`] = `"fac13210258417848f231118afa2a65fe9a17ada4dc692e0695de4f1bf1113bd"`;

exports[`tone association preserves the existing frontend tracks > qlatt-beauty: Did Bob buy a blue balloon? 1`] = `"fa372cafc243a9668feca25dc3cb2c909affba7a64171f242c42a3fcf5df3974"`;

exports[`tone association preserves the existing frontend tracks > qlatt-beauty: Gag, gang; go! 1`] = `"70e454d5731c8559cd2b2bcf46cd5dc2eee903ca7b299ce14bf4200aeda18b60"`;

exports[`tone association preserves the existing frontend tracks > qlatt-beauty: The cat sat. 1`] = `"e023e9987713f8d413c1c8965d8cce0a48620f459ae0134b8a58799d932d6202"`;

exports[`tone association preserves the existing frontend tracks > qlatt-beauty: sip sip. 1`] = `"be592c574966540572e1df2e026288f38d08166271ebd6b628b91e34cecd6ef3"`;

exports[`tone association preserves the existing frontend tracks > qlatt-english: Did Bob buy a blue balloon? 1`] = `"3ac58e892f8380f2b3771da157760f0daf1863a67fda19540ce02311c2bf5a19"`;

exports[`tone association preserves the existing frontend tracks > qlatt-english: Gag, gang; go! 1`] = `"4f0dd2889e4726c415474a3028fd385fe25f92f144097b697222c9e1a4685b59"`;

exports[`tone association preserves the existing frontend tracks > qlatt-english: The cat sat. 1`] = `"5c4f24bef33eae3fc326bbc23918ead3f722de6d1469c7843c0deeafd9314c8e"`;

exports[`tone association preserves the existing frontend tracks > qlatt-english: sip sip. 1`] = `"2c2f43e4198299734e8b9945e3cef90d5d85a0f0265fc2bc0b5c31edb3cd4ae2"`;
